Archive member included to satisfy reference by file (symbol)

/Applications/STM32CubeIDE.app/Contents/Eclipse/plugins/com.st.stm32cube.ide.mcu.externaltools.gnu-tools-for-stm32.10.3-2021.10.macos64_1.0.0.202111181127/tools/bin/../lib/gcc/arm-none-eabi/10.3.1/../../../../arm-none-eabi/lib/thumb/v7-m/nofp/libc_nano.a(lib_a-errno.o)
                              ./Core/Src/syscalls.o (__errno)
/Applications/STM32CubeIDE.app/Contents/Eclipse/plugins/com.st.stm32cube.ide.mcu.externaltools.gnu-tools-for-stm32.10.3-2021.10.macos64_1.0.0.202111181127/tools/bin/../lib/gcc/arm-none-eabi/10.3.1/../../../../arm-none-eabi/lib/thumb/v7-m/nofp/libc_nano.a(lib_a-exit.o)
                              /Applications/STM32CubeIDE.app/Contents/Eclipse/plugins/com.st.stm32cube.ide.mcu.externaltools.gnu-tools-for-stm32.10.3-2021.10.macos64_1.0.0.202111181127/tools/bin/../lib/gcc/arm-none-eabi/10.3.1/../../../../arm-none-eabi/lib/thumb/v7-m/nofp/crt0.o (exit)
/Applications/STM32CubeIDE.app/Contents/Eclipse/plugins/com.st.stm32cube.ide.mcu.externaltools.gnu-tools-for-stm32.10.3-2021.10.macos64_1.0.0.202111181127/tools/bin/../lib/gcc/arm-none-eabi/10.3.1/../../../../arm-none-eabi/lib/thumb/v7-m/nofp/libc_nano.a(lib_a-impure.o)
                              /Applications/STM32CubeIDE.app/Contents/Eclipse/plugins/com.st.stm32cube.ide.mcu.externaltools.gnu-tools-for-stm32.10.3-2021.10.macos64_1.0.0.202111181127/tools/bin/../lib/gcc/arm-none-eabi/10.3.1/../../../../arm-none-eabi/lib/thumb/v7-m/nofp/libc_nano.a(lib_a-exit.o) (_global_impure_ptr)
/Applications/STM32CubeIDE.app/Contents/Eclipse/plugins/com.st.stm32cube.ide.mcu.externaltools.gnu-tools-for-stm32.10.3-2021.10.macos64_1.0.0.202111181127/tools/bin/../lib/gcc/arm-none-eabi/10.3.1/../../../../arm-none-eabi/lib/thumb/v7-m/nofp/libc_nano.a(lib_a-init.o)
                              /Applications/STM32CubeIDE.app/Contents/Eclipse/plugins/com.st.stm32cube.ide.mcu.externaltools.gnu-tools-for-stm32.10.3-2021.10.macos64_1.0.0.202111181127/tools/bin/../lib/gcc/arm-none-eabi/10.3.1/../../../../arm-none-eabi/lib/thumb/v7-m/nofp/crt0.o (__libc_init_array)
/Applications/STM32CubeIDE.app/Contents/Eclipse/plugins/com.st.stm32cube.ide.mcu.externaltools.gnu-tools-for-stm32.10.3-2021.10.macos64_1.0.0.202111181127/tools/bin/../lib/gcc/arm-none-eabi/10.3.1/../../../../arm-none-eabi/lib/thumb/v7-m/nofp/libc_nano.a(lib_a-memset.o)
                              /Applications/STM32CubeIDE.app/Contents/Eclipse/plugins/com.st.stm32cube.ide.mcu.externaltools.gnu-tools-for-stm32.10.3-2021.10.macos64_1.0.0.202111181127/tools/bin/../lib/gcc/arm-none-eabi/10.3.1/../../../../arm-none-eabi/lib/thumb/v7-m/nofp/crt0.o (memset)
/Applications/STM32CubeIDE.app/Contents/Eclipse/plugins/com.st.stm32cube.ide.mcu.externaltools.gnu-tools-for-stm32.10.3-2021.10.macos64_1.0.0.202111181127/tools/bin/../lib/gcc/arm-none-eabi/10.3.1/../../../../arm-none-eabi/lib/thumb/v7-m/nofp/libm.a(lib_a-s_cos.o)
                              ./Core/Src/lcd.o (cos)
/Applications/STM32CubeIDE.app/Contents/Eclipse/plugins/com.st.stm32cube.ide.mcu.externaltools.gnu-tools-for-stm32.10.3-2021.10.macos64_1.0.0.202111181127/tools/bin/../lib/gcc/arm-none-eabi/10.3.1/../../../../arm-none-eabi/lib/thumb/v7-m/nofp/libm.a(lib_a-s_sin.o)
                              ./Core/Src/lcd.o (sin)
/Applications/STM32CubeIDE.app/Contents/Eclipse/plugins/com.st.stm32cube.ide.mcu.externaltools.gnu-tools-for-stm32.10.3-2021.10.macos64_1.0.0.202111181127/tools/bin/../lib/gcc/arm-none-eabi/10.3.1/../../../../arm-none-eabi/lib/thumb/v7-m/nofp/libm.a(lib_a-e_rem_pio2.o)
                              /Applications/STM32CubeIDE.app/Contents/Eclipse/plugins/com.st.stm32cube.ide.mcu.externaltools.gnu-tools-for-stm32.10.3-2021.10.macos64_1.0.0.202111181127/tools/bin/../lib/gcc/arm-none-eabi/10.3.1/../../../../arm-none-eabi/lib/thumb/v7-m/nofp/libm.a(lib_a-s_cos.o) (__ieee754_rem_pio2)
/Applications/STM32CubeIDE.app/Contents/Eclipse/plugins/com.st.stm32cube.ide.mcu.externaltools.gnu-tools-for-stm32.10.3-2021.10.macos64_1.0.0.202111181127/tools/bin/../lib/gcc/arm-none-eabi/10.3.1/../../../../arm-none-eabi/lib/thumb/v7-m/nofp/libm.a(lib_a-k_cos.o)
                              /Applications/STM32CubeIDE.app/Contents/Eclipse/plugins/com.st.stm32cube.ide.mcu.externaltools.gnu-tools-for-stm32.10.3-2021.10.macos64_1.0.0.202111181127/tools/bin/../lib/gcc/arm-none-eabi/10.3.1/../../../../arm-none-eabi/lib/thumb/v7-m/nofp/libm.a(lib_a-s_cos.o) (__kernel_cos)
/Applications/STM32CubeIDE.app/Contents/Eclipse/plugins/com.st.stm32cube.ide.mcu.externaltools.gnu-tools-for-stm32.10.3-2021.10.macos64_1.0.0.202111181127/tools/bin/../lib/gcc/arm-none-eabi/10.3.1/../../../../arm-none-eabi/lib/thumb/v7-m/nofp/libm.a(lib_a-k_rem_pio2.o)
[...]
Memory Configuration

Name             Origin             Length             Attributes
RAM              0x0000000020000000 0x0000000000010000 xrw
FLASH            0x0000000008000000 0x0000000000080000 xr
*default*        0x0000000000000000 0xffffffffffffffff

Linker script and memory map

LOAD /Applications/STM32CubeIDE.app/Contents/Eclipse/plugins/com.st.stm32cube.ide.mcu.externaltools.gnu-tools-for-stm32.10.3-2021.10.macos64_1.0.0.202111181127/tools/bin/../lib/gcc/arm-none-eabi/10.3.1/thumb/v7-m/nofp/crti.o
LOAD /Applications/STM32CubeIDE.app/Contents/Eclipse/plugins/com.st.stm32cube.ide.mcu.externaltools.gnu-tools-for-stm32.10.3-2021.10.macos64_1.0.0.202111181127/tools/bin/../lib/gcc/arm-none-eabi/10.3.1/thumb/v7-m/nofp/crtbegin.o
LOAD /Applications/STM32CubeIDE.app/Contents/Eclipse/plugins/com.st.stm32cube.ide.mcu.externaltools.gnu-tools-for-stm32.10.3-2021.10.macos64_1.0.0.202111181127/tools/bin/../lib/gcc/arm-none-eabi/10.3.1/../../../../arm-none-eabi/lib/thumb/v7-m/nofp/crt0.o
LOAD ./Core/Src/NRF24L01.o
LOAD ./Core/Src/lcd.o
LOAD ./Core/Src/main.o
LOAD ./Core/Src/stm32f1xx_hal_msp.o
LOAD ./Core/Src/stm32f1xx_it.o
LOAD ./Core/Src/syscalls.o
LOAD ./Core/Src/sysmem.o
LOAD ./Core/Src/system_stm32f1xx.o
LOAD ./Core/Startup/startup_stm32f103vetx.o
LOAD ./Drivers/STM32F1xx_HAL_Driver/Src/stm32f1xx_hal.o
LOAD ./Drivers/STM32F1xx_HAL_Driver/Src/stm32f1xx_hal_cortex.o
LOAD ./Drivers/STM32F1xx_HAL_Driver/Src/stm32f1xx_hal_dma.o
LOAD ./Drivers/STM32F1xx_HAL_Driver/Src/stm32f1xx_hal_exti.o
LOAD ./Drivers/STM32F1xx_HAL_Driver/Src/stm32f1xx_hal_flash.o
LOAD ./Drivers/STM32F1xx_HAL_Driver/Src/stm32f1xx_hal_flash_ex.o
LOAD ./Drivers/STM32F1xx_HAL_Driver/Src/stm32f1xx_hal_gpio.o
LOAD ./Drivers/STM32F1xx_HAL_Driver/Src/stm32f1xx_hal_gpio_ex.o
LOAD ./Drivers/STM32F1xx_HAL_Driver/Src/stm32f1xx_hal_pwr.o
LOAD ./Drivers/STM32F1xx_HAL_Driver/Src/stm32f1xx_hal_rcc.o
LOAD ./Drivers/STM32F1xx_HAL_Driver/Src/stm32f1xx_hal_rcc_ex.o
LOAD ./Drivers/STM32F1xx_HAL_Driver/Src/stm32f1xx_hal_spi.o
LOAD ./Drivers/STM32F1xx_HAL_Driver/Src/stm32f1xx_hal_sram.o
LOAD ./Drivers/STM32F1xx_HAL_Driver/Src/stm32f1xx_hal_tim.o
LOAD ./Drivers/STM32F1xx_HAL_Driver/Src/stm32f1xx_hal_tim_ex.o
LOAD ./Drivers/STM32F1xx_HAL_Driver/Src/stm32f1xx_ll_fsmc.o
START GROUP
LOAD /Applications/STM32CubeIDE.app/Contents/Eclipse/plugins/com.st.stm32cube.ide.mcu.externaltools.gnu-tools-for-stm32.10.3-2021.10.macos64_1.0.0.202111181127/tools/bin/../lib/gcc/arm-none-eabi/10.3.1/../../../../arm-none-eabi/lib/thumb/v7-m/nofp/libc_nano.a
LOAD /Applications/STM32CubeIDE.app/Contents/Eclipse/plugins/com.st.stm32cube.ide.mcu.externaltools.gnu-tools-for-stm32.10.3-2021.10.macos64_1.0.0.202111181127/tools/bin/../lib/gcc/arm-none-eabi/10.3.1/../../../../arm-none-eabi/lib/thumb/v7-m/nofp/libm.a
END GROUP
START GROUP
LOAD /Applications/STM32CubeIDE.app/Contents/Eclipse/plugins/com.st.stm32cube.ide.mcu.externaltools.gnu-tools-for-stm32.10.3-2021.10.macos64_1.0.0.202111181127/tools/bin/../lib/gcc/arm-none-eabi/10.3.1/thumb/v7-m/nofp/libgcc.a
LOAD /Applications/STM32CubeIDE.app/Contents/Eclipse/plugins/com.st.stm32cube.ide.mcu.externaltools.gnu-tools-for-stm32.10.3-2021.10.macos64_1.0.0.202111181127/tools/bin/../lib/gcc/arm-none-eabi/10.3.1/../../../../arm-none-eabi/lib/thumb/v7-m/nofp/libc_nano.a
END GROUP
START GROUP
LOAD /Applications/STM32CubeIDE.app/Contents/Eclipse/plugins/com.st.stm32cube.ide.mcu.externaltools.gnu-tools-for-stm32.10.3-2021.10.macos64_1.0.0.202111181127/tools/bin/../lib/gcc/arm-none-eabi/10.3.1/thumb/v7-m/nofp/libgcc.a
LOAD /Applications/STM32CubeIDE.app/Contents/Eclipse/plugins/com.st.stm32cube.ide.mcu.externaltools.gnu-tools-for-stm32.10.3-2021.10.macos64_1.0.0.202111181127/tools/bin/../lib/gcc/arm-none-eabi/10.3.1/../../../../arm-none-eabi/lib/thumb/v7-m/nofp/libc_nano.a
LOAD /Applications/STM32CubeIDE.app/Contents/Eclipse/plugins/com.st.stm32cube.ide.mcu.externaltools.gnu-tools-for-stm32.10.3-2021.10.macos64_1.0.0.202111181127/tools/bin/../lib/gcc/arm-none-eabi/10.3.1/../../../../arm-none-eabi/lib/thumb/v7-m/nofp/libnosys.a
END GROUP
START GROUP
LOAD /Applications/STM32CubeIDE.app/Contents/Eclipse/plugins/com.st.stm32cube.ide.mcu.externaltools.gnu-tools-for-stm32.10.3-2021.10.macos64_1.0.0.202111181127/tools/bin/../lib/gcc/arm-none-eabi/10.3.1/thumb/v7-m/nofp/libgcc.a
LOAD /Applications/STM32CubeIDE.app/Contents/Eclipse/plugins/com.st.stm32cube.ide.mcu.externaltools.gnu-tools-for-stm32.10.3-2021.10.macos64_1.0.0.202111181127/tools/bin/../lib/gcc/arm-none-eabi/10.3.1/../../../../arm-none-eabi/lib/thumb/v7-m/nofp/libc_nano.a
LOAD /Applications/STM32CubeIDE.app/Contents/Eclipse/plugins/com.st.stm32cube.ide.mcu.externaltools.gnu-tools-for-stm32.10.3-2021.10.macos64_1.0.0.202111181127/tools/bin/../lib/gcc/arm-none-eabi/10.3.1/../../../../arm-none-eabi/lib/thumb/v7-m/nofp/libnosys.a
END GROUP
LOAD /Applications/STM32CubeIDE.app/Contents/Eclipse/plugins/com.st.stm32cube.ide.mcu.externaltools.gnu-tools-for-stm32.10.3-2021.10.macos64_1.0.0.202111181127/tools/bin/../lib/gcc/arm-none-eabi/10.3.1/thumb/v7-m/nofp/crtend.o
LOAD /Applications/STM32CubeIDE.app/Contents/Eclipse/plugins/com.st.stm32cube.ide.mcu.externaltools.gnu-tools-for-stm32.10.3-2021.10.macos64_1.0.0.202111181127/tools/bin/../lib/gcc/arm-none-eabi/10.3.1/thumb/v7-m/nofp/crtn.o
                0x0000000020010000                _estack = (ORIGIN (RAM) + LENGTH (RAM))
                0x0000000000000200                _Min_Heap_Size = 0x200
                0x0000000000000400                _Min_Stack_Size = 0x400

.isr_vector     0x0000000008000000      0x1e4
                0x0000000008000000                . = ALIGN (0x4)
 *(.isr_vector)
 .isr_vector    0x0000000008000000      0x1e4 ./Core/Startup/startup_stm32f103vetx.o
                0x0000000008000000                g_pfnVectors
                0x00000000080001e4                . = ALIGN (0x4)

.text           0x00000000080001e4     0x2c08
                0x00000000080001e4                . = ALIGN (0x4)
 *(.text)
 .text          0x00000000080001e4       0x40 /Applications/STM32CubeIDE.app/Contents/Eclipse/plugins/com.st.stm32cube.ide.mcu.externaltools.gnu-tools-for-stm32.10.3-2021.10.macos64_1.0.0.202111181127/tools/bin/../lib/gcc/arm-none-eabi/10.3.1/thumb/v7-m/nofp/crtbegin.o
 *(.text*)
 .text.CS_Select
                0x0000000008000224       0x18 ./Core/Src/NRF24L01.o
                0x0000000008000224                CS_Select
 .text.CS_UnSelect
                0x000000000800023c       0x18 ./Core/Src/NRF24L01.o
                0x000000000800023c                CS_UnSelect
 .text.CE_Enable
                0x0000000008000254       0x18 ./Core/Src/NRF24L01.o
                0x0000000008000254                CE_Enable
 .text.CE_Disable
                0x000000000800026c       0x18 ./Core/Src/NRF24L01.o
                0x000000000800026c                CE_Disable
 .text.nrf24_WriteReg
                0x0000000008000284       0x44 ./Core/Src/NRF24L01.o
                0x0000000008000284                nrf24_WriteReg
 .text.nrf24_WriteRegMulti
                0x00000000080002c8       0x4c ./Core/Src/NRF24L01.o
                0x00000000080002c8                nrf24_WriteRegMulti
 .text.nrf24_ReadReg
                0x0000000008000314       0x40 ./Core/Src/NRF24L01.o
                0x0000000008000314                nrf24_ReadReg
 .text.nrfsendCmd
                0x0000000008000354       0x2c ./Core/Src/NRF24L01.o
                0x0000000008000354                nrfsendCmd
 .text.nrf24_reset
                0x0000000008000380      0x14c ./Core/Src/NRF24L01.o
                0x0000000008000380                nrf24_reset
 .text.NRF24_Init
                0x00000000080004cc       0x4e ./Core/Src/NRF24L01.o
                0x00000000080004cc                NRF24_Init
 .text.NRF24_TxMode
                0x000000000800051a       0x4c ./Core/Src/NRF24L01.o
                0x000000000800051a                NRF24_TxMode
 *fill*         0x0000000008000566        0x2 
 .text.NRF24_Transmit
                0x0000000008000568       0x7c ./Core/Src/NRF24L01.o
                0x0000000008000568                NRF24_Transmit
 .text.Delay    0x00000000080005e4       0x22 ./Core/Src/lcd.o
                0x00000000080005e4                Delay
 .text.LCD_INIT
                0x0000000008000606       0x2e ./Core/Src/lcd.o
                0x0000000008000606                LCD_INIT
 .text.LCD_Rst  0x0000000008000634       0x30 ./Core/Src/lcd.o
                0x0000000008000634                LCD_Rst
 .text.LCD_BackLed_Control
                0x0000000008000664       0x38 ./Core/Src/lcd.o
                0x0000000008000664                LCD_BackLed_Control
 .text.LCD_Write_Cmd
                0x000000000800069c       0x1c ./Core/Src/lcd.o
                0x000000000800069c                LCD_Write_Cmd
 .text.LCD_Write_Data
                0x00000000080006b8       0x20 ./Core/Src/lcd.o
                0x00000000080006b8                LCD_Write_Data
 .text.LCD_REG_Config
                0x00000000080006d8      0x234 ./Core/Src/lcd.o
                0x00000000080006d8                LCD_REG_Config
 .text.LCD_OpenWindow
                0x000000000800090c       0xb2 ./Core/Src/lcd.o
                0x000000000800090c                LCD_OpenWindow
 .text.LCD_FillColor
                0x00000000080009be       0x3c ./Core/Src/lcd.o
                0x00000000080009be                LCD_FillColor
 .text.LCD_Clear
                0x00000000080009fa       0x46 ./Core/Src/lcd.o
                0x00000000080009fa                LCD_Clear
 .text.LCD_DrawChar
                0x0000000008000a40       0x90 ./Core/Src/lcd.o
                0x0000000008000a40                LCD_DrawChar
 .text.LCD_DrawString
                0x0000000008000ad0       0x5e ./Core/Src/lcd.o
                0x0000000008000ad0                LCD_DrawString
 *fill*         0x0000000008000b2e        0x2 
 .text.main     0x0000000008000b30       0xd4 ./Core/Src/main.o
                0x0000000008000b30                main
 .text.SystemClock_Config
                0x0000000008000c04       0x8a ./Core/Src/main.o
                0x0000000008000c04                SystemClock_Config
 .text.MX_NVIC_Init
                0x0000000008000c8e       0x18 ./Core/Src/main.o
 *fill*         0x0000000008000ca6        0x2 
 .text.MX_SPI1_Init
                0x0000000008000ca8       0x6c ./Core/Src/main.o
 .text.MX_GPIO_Init
                0x0000000008000d14      0x164 ./Core/Src/main.o
 .text.MX_FSMC_Init
                0x0000000008000e78       0xc8 ./Core/Src/main.o
 .text.Error_Handler
                0x0000000008000f40        0xa ./Core/Src/main.o
                0x0000000008000f40                Error_Handler
 *fill*         0x0000000008000f4a        0x2 
 .text.HAL_MspInit
                0x0000000008000f4c       0x64 ./Core/Src/stm32f1xx_hal_msp.o
                0x0000000008000f4c                HAL_MspInit
 .text.HAL_SPI_MspInit
                0x0000000008000fb0       0x94 ./Core/Src/stm32f1xx_hal_msp.o
                0x0000000008000fb0                HAL_SPI_MspInit
 .text.HAL_FSMC_MspInit
                0x0000000008001044       0x88 ./Core/Src/stm32f1xx_hal_msp.o
 .text.HAL_SRAM_MspInit
                0x00000000080010cc       0x14 ./Core/Src/stm32f1xx_hal_msp.o
                0x00000000080010cc                HAL_SRAM_MspInit
 .text.NMI_Handler
                0x00000000080010e0        0x6 ./Core/Src/stm32f1xx_it.o
                0x00000000080010e0                NMI_Handler
 .text.HardFault_Handler
                0x00000000080010e6        0x6 ./Core/Src/stm32f1xx_it.o
                0x00000000080010e6                HardFault_Handler
 .text.MemManage_Handler
                0x00000000080010ec        0x6 ./Core/Src/stm32f1xx_it.o
                0x00000000080010ec                MemManage_Handler
 .text.BusFault_Handler
                0x00000000080010f2        0x6 ./Core/Src/stm32f1xx_it.o
                0x00000000080010f2                BusFault_Handler
 .text.UsageFault_Handler
                0x00000000080010f8        0x6 ./Core/Src/stm32f1xx_it.o
                0x00000000080010f8                UsageFault_Handler
 .text.SVC_Handler
                0x00000000080010fe        0xc ./Core/Src/stm32f1xx_it.o
                0x00000000080010fe                SVC_Handler
 .text.DebugMon_Handler
                0x000000000800110a        0xc ./Core/Src/stm32f1xx_it.o
                0x000000000800110a                DebugMon_Handler
 .text.PendSV_Handler
                0x0000000008001116        0xc ./Core/Src/stm32f1xx_it.o
                0x0000000008001116                PendSV_Handler
 .text.SysTick_Handler
                0x0000000008001122        0xc ./Core/Src/stm32f1xx_it.o
                0x0000000008001122                SysTick_Handler
 .text.EXTI15_10_IRQHandler
                0x000000000800112e       0x10 ./Core/Src/stm32f1xx_it.o
                0x000000000800112e                EXTI15_10_IRQHandler
 .text.SystemInit
                0x000000000800113e        0xc ./Core/Src/system_stm32f1xx.o
                0x000000000800113e                SystemInit
 *fill*         0x000000000800114a        0x2 
 .text.Reset_Handler
                0x000000000800114c       0x48 ./Core/Startup/startup_stm32f103vetx.o
                0x000000000800114c                Reset_Handler
 .text.Default_Handler
                0x0000000008001194        0x2 ./Core/Startup/startup_stm32f103vetx.o
                0x0000000008001194                DMA2_Channel3_IRQHandler
                0x0000000008001194                EXTI2_IRQHandler
                0x0000000008001194                TIM8_TRG_COM_IRQHandler
                0x0000000008001194                TIM8_CC_IRQHandler
                0x0000000008001194                TIM1_CC_IRQHandler
                0x0000000008001194                TIM6_IRQHandler
                0x0000000008001194                PVD_IRQHandler
                0x0000000008001194                SDIO_IRQHandler
                0x0000000008001194                EXTI3_IRQHandler
                0x0000000008001194                EXTI0_IRQHandler
                0x0000000008001194                I2C2_EV_IRQHandler
                0x0000000008001194                ADC1_2_IRQHandler
                0x0000000008001194                SPI1_IRQHandler
                0x0000000008001194                TAMPER_IRQHandler
                0x0000000008001194                TIM8_UP_IRQHandler
                0x0000000008001194                DMA2_Channel2_IRQHandler
                0x0000000008001194                DMA1_Channel4_IRQHandler
                0x0000000008001194                USART3_IRQHandler
                0x0000000008001194                RTC_IRQHandler
                0x0000000008001194                DMA1_Channel7_IRQHandler
                0x0000000008001194                CAN1_RX1_IRQHandler
                0x0000000008001194                UART5_IRQHandler
                0x0000000008001194                ADC3_IRQHandler
                0x0000000008001194                TIM4_IRQHandler
                0x0000000008001194                DMA2_Channel1_IRQHandler
                0x0000000008001194                I2C1_EV_IRQHandler
                0x0000000008001194                DMA1_Channel6_IRQHandler
                0x0000000008001194                UART4_IRQHandler
                0x0000000008001194                TIM3_IRQHandler
                0x0000000008001194                RCC_IRQHandler
                0x0000000008001194                TIM1_TRG_COM_IRQHandler
                0x0000000008001194                DMA1_Channel1_IRQHandler
                0x0000000008001194                Default_Handler
                0x0000000008001194                TIM7_IRQHandler
                0x0000000008001194                TIM5_IRQHandler
                0x0000000008001194                EXTI9_5_IRQHandler
                0x0000000008001194                SPI2_IRQHandler
                0x0000000008001194                DMA1_Channel5_IRQHandler
                0x0000000008001194                EXTI4_IRQHandler
                0x0000000008001194                USB_LP_CAN1_RX0_IRQHandler
                0x0000000008001194                USB_HP_CAN1_TX_IRQHandler
                0x0000000008001194                DMA1_Channel3_IRQHandler
                0x0000000008001194                FSMC_IRQHandler
                0x0000000008001194                TIM1_UP_IRQHandler
                0x0000000008001194                WWDG_IRQHandler
                0x0000000008001194                TIM2_IRQHandler
                0x0000000008001194                TIM1_BRK_IRQHandler
                0x0000000008001194                EXTI1_IRQHandler
                0x0000000008001194                DMA2_Channel4_5_IRQHandler
                0x0000000008001194                USART2_IRQHandler
                0x0000000008001194                I2C2_ER_IRQHandler
                0x0000000008001194                DMA1_Channel2_IRQHandler
                0x0000000008001194                TIM8_BRK_IRQHandler
                0x0000000008001194                CAN1_SCE_IRQHandler
                0x0000000008001194                FLASH_IRQHandler
                0x0000000008001194                USART1_IRQHandler
                0x0000000008001194                SPI3_IRQHandler
                0x0000000008001194                I2C1_ER_IRQHandler
                0x0000000008001194                USBWakeUp_IRQHandler
                0x0000000008001194                RTC_Alarm_IRQHandler
 *fill*         0x0000000008001196        0x2 
 .text.HAL_Init
                0x0000000008001198       0x2c ./Drivers/STM32F1xx_HAL_Driver/Src/stm32f1xx_hal.o
                0x0000000008001198                HAL_Init
 .text.HAL_InitTick
                0x00000000080011c4       0x60 ./Drivers/STM32F1xx_HAL_Driver/Src/stm32f1xx_hal.o
                0x00000000080011c4                HAL_InitTick
 .text.HAL_IncTick
                0x0000000008001224       0x24 ./Drivers/STM32F1xx_HAL_Driver/Src/stm32f1xx_hal.o
                0x0000000008001224                HAL_IncTick
 .text.HAL_GetTick
                0x0000000008001248       0x14 ./Drivers/STM32F1xx_HAL_Driver/Src/stm32f1xx_hal.o
                0x0000000008001248                HAL_GetTick
 .text.HAL_Delay
                0x000000000800125c       0x48 ./Drivers/STM32F1xx_HAL_Driver/Src/stm32f1xx_hal.o
                0x000000000800125c                HAL_Delay
 .text.__NVIC_SetPriorityGrouping
                0x00000000080012a4       0x48 ./Drivers/STM32F1xx_HAL_Driver/Src/stm32f1xx_hal_cortex.o
 .text.__NVIC_GetPriorityGrouping
                0x00000000080012ec       0x1c ./Drivers/STM32F1xx_HAL_Driver/Src/stm32f1xx_hal_cortex.o
 .text.__NVIC_EnableIRQ
                0x0000000008001308       0x38 ./Drivers/STM32F1xx_HAL_Driver/Src/stm32f1xx_hal_cortex.o
 .text.__NVIC_SetPriority
                0x0000000008001340       0x54 ./Drivers/STM32F1xx_HAL_Driver/Src/stm32f1xx_hal_cortex.o
 .text.NVIC_EncodePriority
                0x0000000008001394       0x64 ./Drivers/STM32F1xx_HAL_Driver/Src/stm32f1xx_hal_cortex.o
 .text.SysTick_Config
                0x00000000080013f8       0x44 ./Drivers/STM32F1xx_HAL_Driver/Src/stm32f1xx_hal_cortex.o
 .text.HAL_NVIC_SetPriorityGrouping
                0x000000000800143c       0x16 ./Drivers/STM32F1xx_HAL_Driver/Src/stm32f1xx_hal_cortex.o
                0x000000000800143c                HAL_NVIC_SetPriorityGrouping
 .text.HAL_NVIC_SetPriority
                0x0000000008001452       0x38 ./Drivers/STM32F1xx_HAL_Driver/Src/stm32f1xx_hal_cortex.o
                0x0000000008001452                HAL_NVIC_SetPriority
 .text.HAL_NVIC_EnableIRQ
                0x000000000800148a       0x1c ./Drivers/STM32F1xx_HAL_Driver/Src/stm32f1xx_hal_cortex.o
                0x000000000800148a                HAL_NVIC_EnableIRQ
 .text.HAL_SYSTICK_Config
                0x00000000080014a6       0x18 ./Drivers/STM32F1xx_HAL_Driver/Src/stm32f1xx_hal_cortex.o
                0x00000000080014a6                HAL_SYSTICK_Config
 *fill*         0x00000000080014be        0x2 
 .text.HAL_GPIO_Init
                0x00000000080014c0      0x328 ./Drivers/STM32F1xx_HAL_Driver/Src/stm32f1xx_hal_gpio.o
                0x00000000080014c0                HAL_GPIO_Init
 .text.HAL_GPIO_ReadPin
                0x00000000080017e8       0x2e ./Drivers/STM32F1xx_HAL_Driver/Src/stm32f1xx_hal_gpio.o
                0x00000000080017e8                HAL_GPIO_ReadPin
 .text.HAL_GPIO_WritePin
                0x0000000008001816       0x30 ./Drivers/STM32F1xx_HAL_Driver/Src/stm32f1xx_hal_gpio.o
                0x0000000008001816                HAL_GPIO_WritePin
 *fill*         0x0000000008001846        0x2 
 .text.HAL_GPIO_EXTI_IRQHandler
                0x0000000008001848       0x30 ./Drivers/STM32F1xx_HAL_Driver/Src/stm32f1xx_hal_gpio.o
                0x0000000008001848                HAL_GPIO_EXTI_IRQHandler
 .text.HAL_GPIO_EXTI_Callback
                0x0000000008001878       0x14 ./Drivers/STM32F1xx_HAL_Driver/Src/stm32f1xx_hal_gpio.o
                0x0000000008001878                HAL_GPIO_EXTI_Callback
 .text.HAL_RCC_OscConfig
                0x000000000800188c      0x504 ./Drivers/STM32F1xx_HAL_Driver/Src/stm32f1xx_hal_rcc.o
                0x000000000800188c                HAL_RCC_OscConfig
 .text.HAL_RCC_ClockConfig
                0x0000000008001d90      0x1d4 ./Drivers/STM32F1xx_HAL_Driver/Src/stm32f1xx_hal_rcc.o
                0x0000000008001d90                HAL_RCC_ClockConfig
 .text.HAL_RCC_GetSysClockFreq
                0x0000000008001f64       0xbc ./Drivers/STM32F1xx_HAL_Driver/Src/stm32f1xx_hal_rcc.o
                0x0000000008001f64                HAL_RCC_GetSysClockFreq
 .text.RCC_Delay
                0x0000000008002020       0x3c ./Drivers/STM32F1xx_HAL_Driver/Src/stm32f1xx_hal_rcc.o
 .text.HAL_SPI_Init
                0x000000000800205c      0x108 ./Drivers/STM32F1xx_HAL_Driver/Src/stm32f1xx_hal_spi.o
                0x000000000800205c                HAL_SPI_Init
 .text.HAL_SPI_Transmit
                0x0000000008002164      0x278 ./Drivers/STM32F1xx_HAL_Driver/Src/stm32f1xx_hal_spi.o
                0x0000000008002164                HAL_SPI_Transmit
 .text.HAL_SPI_Receive
                0x00000000080023dc      0x222 ./Drivers/STM32F1xx_HAL_Driver/Src/stm32f1xx_hal_spi.o
                0x00000000080023dc                HAL_SPI_Receive
 .text.HAL_SPI_TransmitReceive
                0x00000000080025fe      0x344 ./Drivers/STM32F1xx_HAL_Driver/Src/stm32f1xx_hal_spi.o
                0x00000000080025fe                HAL_SPI_TransmitReceive
 *fill*         0x0000000008002942        0x2 
 .text.SPI_WaitFlagStateUntilTimeout
                0x0000000008002944      0x110 ./Drivers/STM32F1xx_HAL_Driver/Src/stm32f1xx_hal_spi.o
 .text.SPI_EndRxTransaction
                0x0000000008002a54       0xa4 ./Drivers/STM32F1xx_HAL_Driver/Src/stm32f1xx_hal_spi.o
 .text.SPI_EndRxTxTransaction
                0x0000000008002af8       0x3c ./Drivers/STM32F1xx_HAL_Driver/Src/stm32f1xx_hal_spi.o
 .text.HAL_SRAM_Init
                0x0000000008002b34       0x9a ./Drivers/STM32F1xx_HAL_Driver/Src/stm32f1xx_hal_sram.o
                0x0000000008002b34                HAL_SRAM_Init
 *fill*         0x0000000008002bce        0x2 
 .text.FSMC_NORSRAM_Init
                0x0000000008002bd0       0xd4 ./Drivers/STM32F1xx_HAL_Driver/Src/stm32f1xx_ll_fsmc.o
                0x0000000008002bd0                FSMC_NORSRAM_Init
 .text.FSMC_NORSRAM_Timing_Init
                0x0000000008002ca4       0x68 ./Drivers/STM32F1xx_HAL_Driver/Src/stm32f1xx_ll_fsmc.o
                0x0000000008002ca4                FSMC_NORSRAM_Timing_Init
 .text.FSMC_NORSRAM_Extended_Timing_Init
                0x0000000008002d0c       0x70 ./Drivers/STM32F1xx_HAL_Driver/Src/stm32f1xx_ll_fsmc.o
                0x0000000008002d0c                FSMC_NORSRAM_Extended_Timing_Init
 .text.__libc_init_array
                0x0000000008002d7c       0x48 /Applications/STM32CubeIDE.app/Contents/Eclipse/plugins/com.st.stm32cube.ide.mcu.externaltools.gnu-tools-for-stm32.10.3-2021.10.macos64_1.0.0.202111181127/tools/bin/../lib/gcc/arm-none-eabi/10.3.1/../../../../arm-none-eabi/lib/thumb/v7-m/nofp/libc_nano.a(lib_a-init.o)
                0x0000000008002d7c                __libc_init_array
 .text.memset   0x0000000008002dc4       0x10 /Applications/STM32CubeIDE.app/Contents/Eclipse/plugins/com.st.stm32cube.ide.mcu.externaltools.gnu-tools-for-stm32.10.3-2021.10.macos64_1.0.0.202111181127/tools/bin/../lib/gcc/arm-none-eabi/10.3.1/../../../../arm-none-eabi/lib/thumb/v7-m/nofp/libc_nano.a(lib_a-memset.o)
                0x0000000008002dc4                memset
 *(.glue_7)
 .glue_7        0x0000000008002dd4        0x0 linker stubs
 *(.glue_7t)
 .glue_7t       0x0000000008002dd4        0x0 linker stubs
 *(.eh_frame)
 .eh_frame      0x0000000008002dd4        0x0 /Applications/STM32CubeIDE.app/Contents/Eclipse/plugins/com.st.stm32cube.ide.mcu.externaltools.gnu-tools-for-stm32.10.3-2021.10.macos64_1.0.0.202111181127/tools/bin/../lib/gcc/arm-none-eabi/10.3.1/thumb/v7-m/nofp/crtbegin.o
 *(.init)
 .init          0x0000000008002dd4        0x4 /Applications/STM32CubeIDE.app/Contents/Eclipse/plugins/com.st.stm32cube.ide.mcu.externaltools.gnu-tools-for-stm32.10.3-2021.10.macos64_1.0.0.202111181127/tools/bin/../lib/gcc/arm-none-eabi/10.3.1/thumb/v7-m/nofp/crti.o
                0x0000000008002dd4                _init
 .init          0x0000000008002dd8        0x8 /Applications/STM32CubeIDE.app/Contents/Eclipse/plugins/com.st.stm32cube.ide.mcu.externaltools.gnu-tools-for-stm32.10.3-2021.10.macos64_1.0.0.202111181127/tools/bin/../lib/gcc/arm-none-eabi/10.3.1/thumb/v7-m/nofp/crtn.o
 *(.fini)
 .fini          0x0000000008002de0        0x4 /Applications/STM32CubeIDE.app/Contents/Eclipse/plugins/com.st.stm32cube.ide.mcu.externaltools.gnu-tools-for-stm32.10.3-2021.10.macos64_1.0.0.202111181127/tools/bin/../lib/gcc/arm-none-eabi/10.3.1/thumb/v7-m/nofp/crti.o
                0x0000000008002de0                _fini
 .fini          0x0000000008002de4        0x8 /Applications/STM32CubeIDE.app/Contents/Eclipse/plugins/com.st.stm32cube.ide.mcu.externaltools.gnu-tools-for-stm32.10.3-2021.10.macos64_1.0.0.202111181127/tools/bin/../lib/gcc/arm-none-eabi/10.3.1/thumb/v7-m/nofp/crtn.o
                0x0000000008002dec                . = ALIGN (0x4)
                0x0000000008002dec                _etext = .

.vfp11_veneer   0x0000000008002dec        0x0
 .vfp11_veneer  0x0000000008002dec        0x0 linker stubs

.v4_bx          0x0000000008002dec        0x0
 .v4_bx         0x0000000008002dec        0x0 linker stubs

.iplt           0x0000000008002dec        0x0
 .iplt          0x0000000008002dec        0x0 /Applications/STM32CubeIDE.app/Contents/Eclipse/plugins/com.st.stm32cube.ide.mcu.externaltools.gnu-tools-for-stm32.10.3-2021.10.macos64_1.0.0.202111181127/tools/bin/../lib/gcc/arm-none-eabi/10.3.1/thumb/v7-m/nofp/crtbegin.o

.rodata         0x0000000008002dec      0x620
                0x0000000008002dec                . = ALIGN (0x4)
 *(.rodata)
 .rodata        0x0000000008002dec        0xd ./Core/Src/NRF24L01.o
 *fill*         0x0000000008002df9        0x3 
 .rodata        0x0000000008002dfc       0x10 ./Drivers/STM32F1xx_HAL_Driver/Src/stm32f1xx_hal_rcc.o
 *(.rodata*)
 .rodata.ucAscii_1608
                0x0000000008002e0c      0x5f0 ./Core/Src/lcd.o
                0x0000000008002e0c                ucAscii_1608
 .rodata.AHBPrescTable
                0x00000000080033fc       0x10 ./Core/Src/system_stm32f1xx.o
                0x00000000080033fc                AHBPrescTable
                0x000000000800340c                . = ALIGN (0x4)

.rel.dyn        0x000000000800340c        0x0
 .rel.iplt      0x000000000800340c        0x0 /Applications/STM32CubeIDE.app/Contents/Eclipse/plugins/com.st.stm32cube.ide.mcu.externaltools.gnu-tools-for-stm32.10.3-2021.10.macos64_1.0.0.202111181127/tools/bin/../lib/gcc/arm-none-eabi/10.3.1/thumb/v7-m/nofp/crtbegin.o

.ARM.extab      0x000000000800340c        0x0
                0x000000000800340c                . = ALIGN (0x4)
 *(.ARM.extab* .gnu.linkonce.armextab.*)
                0x000000000800340c                . = ALIGN (0x4)

.ARM            0x000000000800340c        0x0
                0x000000000800340c                . = ALIGN (0x4)
                0x000000000800340c                __exidx_start = .
 *(.ARM.exidx*)
                0x000000000800340c                __exidx_end = .
                0x000000000800340c                . = ALIGN (0x4)

.preinit_array  0x000000000800340c        0x0
                0x000000000800340c                . = ALIGN (0x4)
                0x000000000800340c                PROVIDE (__preinit_array_start = .)
 *(.preinit_array*)
                0x000000000800340c                PROVIDE (__preinit_array_end = .)
                0x000000000800340c                . = ALIGN (0x4)

.init_array     0x000000000800340c        0x4
                0x000000000800340c                . = ALIGN (0x4)
                0x000000000800340c                PROVIDE (__init_array_start = .)
 *(SORT_BY_NAME(.init_array.*))
 *(.init_array*)
 .init_array    0x000000000800340c        0x4 /Applications/STM32CubeIDE.app/Contents/Eclipse/plugins/com.st.stm32cube.ide.mcu.externaltools.gnu-tools-for-stm32.10.3-2021.10.macos64_1.0.0.202111181127/tools/bin/../lib/gcc/arm-none-eabi/10.3.1/thumb/v7-m/nofp/crtbegin.o
                0x0000000008003410                PROVIDE (__init_array_end = .)
                0x0000000008003410                . = ALIGN (0x4)

.fini_array     0x0000000008003410        0x4
                0x0000000008003410                . = ALIGN (0x4)
                [!provide]                        PROVIDE (__fini_array_start = .)
 *(SORT_BY_NAME(.fini_array.*))
 *(.fini_array*)
 .fini_array    0x0000000008003410        0x4 /Applications/STM32CubeIDE.app/Contents/Eclipse/plugins/com.st.stm32cube.ide.mcu.externaltools.gnu-tools-for-stm32.10.3-2021.10.macos64_1.0.0.202111181127/tools/bin/../lib/gcc/arm-none-eabi/10.3.1/thumb/v7-m/nofp/crtbegin.o
                [!provide]                        PROVIDE (__fini_array_end = .)
                0x0000000008003414                . = ALIGN (0x4)
                0x0000000008003414                _sidata = LOADADDR (.data)

.data           0x0000000020000000       0x74 load address 0x0000000008003414
                0x0000000020000000                . = ALIGN (0x4)
                0x0000000020000000                _sdata = .
 *(.data)
 *(.data*)
 .data.TxAddress
                0x0000000020000000        0x5 ./Core/Src/main.o
                0x0000000020000000                TxAddress
 *fill*         0x0000000020000005        0x3 
 .data.TxData   0x0000000020000008       0x60 ./Core/Src/main.o
                0x0000000020000008                TxData
 .data.SystemCoreClock
                0x0000000020000068        0x4 ./Core/Src/system_stm32f1xx.o
                0x0000000020000068                SystemCoreClock
 .data.uwTickPrio
                0x000000002000006c        0x4 ./Drivers/STM32F1xx_HAL_Driver/Src/stm32f1xx_hal.o
                0x000000002000006c                uwTickPrio
 .data.uwTickFreq
                0x0000000020000070        0x1 ./Drivers/STM32F1xx_HAL_Driver/Src/stm32f1xx_hal.o
                0x0000000020000070                uwTickFreq
 *(.RamFunc)
 *(.RamFunc*)
                0x0000000020000074                . = ALIGN (0x4)
 *fill*         0x0000000020000071        0x3 
                0x0000000020000074                _edata = .

.igot.plt       0x0000000020000074        0x0 load address 0x0000000008003488
 .igot.plt      0x0000000020000074        0x0 /Applications/STM32CubeIDE.app/Contents/Eclipse/plugins/com.st.stm32cube.ide.mcu.externaltools.gnu-tools-for-stm32.10.3-2021.10.macos64_1.0.0.202111181127/tools/bin/../lib/gcc/arm-none-eabi/10.3.1/thumb/v7-m/nofp/crtbegin.o
                0x0000000020000074                . = ALIGN (0x4)

.bss            0x0000000020000074       0xc4 load address 0x0000000008003488
                0x0000000020000074                _sbss = .
                0x0000000020000074                __bss_start__ = _sbss
 *(.bss)
 .bss           0x0000000020000074       0x1c /Applications/STM32CubeIDE.app/Contents/Eclipse/plugins/com.st.stm32cube.ide.mcu.externaltools.gnu-tools-for-stm32.10.3-2021.10.macos64_1.0.0.202111181127/tools/bin/../lib/gcc/arm-none-eabi/10.3.1/thumb/v7-m/nofp/crtbegin.o
 *(.bss*)
 .bss.hspi1     0x0000000020000090       0x58 ./Core/Src/main.o
                0x0000000020000090                hspi1
 .bss.hsram1    0x00000000200000e8       0x48 ./Core/Src/main.o
                0x00000000200000e8                hsram1
 .bss.FSMC_Initialized
                0x0000000020000130        0x4 ./Core/Src/stm32f1xx_hal_msp.o
 .bss.uwTick    0x0000000020000134        0x4 ./Drivers/STM32F1xx_HAL_Driver/Src/stm32f1xx_hal.o
                0x0000000020000134                uwTick
 *(COMMON)
                0x0000000020000138                . = ALIGN (0x4)
                0x0000000020000138                _ebss = .
                0x0000000020000138                __bss_end__ = _ebss

._user_heap_stack
                0x0000000020000138      0x600 load address 0x0000000008003488
                0x0000000020000138                . = ALIGN (0x8)
                [!provide]                        PROVIDE (end = .)
                0x0000000020000138                PROVIDE (_end = .)
                0x0000000020000338                . = (. + _Min_Heap_Size)
 *fill*         0x0000000020000138      0x200 
                0x0000000020000738                . = (. + _Min_Stack_Size)
 *fill*         0x0000000020000338      0x400 
                0x0000000020000738                . = ALIGN (0x8)

/DISCARD/
 libc.a(*)
 libm.a(*)
 libgcc.a(*)

.ARM.attributes
                0x0000000000000000       0x29
 *(.ARM.attributes)
 .ARM.attributes
                0x0000000000000000       0x1d /Applications/STM32CubeIDE.app/Contents/Eclipse/plugins/com.st.stm32cube.ide.mcu.externaltools.gnu-tools-for-stm32.10.3-2021.10.macos64_1.0.0.202111181127/tools/bin/../lib/gcc/arm-none-eabi/10.3.1/thumb/v7-m/nofp/crti.o
 .ARM.attributes
                0x000000000000001d       0x2d /Applications/STM32CubeIDE.app/Contents/Eclipse/plugins/com.st.stm32cube.ide.mcu.externaltools.gnu-tools-for-stm32.10.3-2021.10.macos64_1.0.0.202111181127/tools/bin/../lib/gcc/arm-none-eabi/10.3.1/thumb/v7-m/nofp/crtbegin.o
 .ARM.attributes
                0x000000000000004a       0x2d ./Core/Src/NRF24L01.o
 .ARM.attributes
                0x0000000000000077       0x2d ./Core/Src/lcd.o
 .ARM.attributes
                0x00000000000000a4       0x2d ./Core/Src/main.o
 .ARM.attributes
                0x00000000000000d1       0x2d ./Core/Src/stm32f1xx_hal_msp.o
 .ARM.attributes
                0x00000000000000fe       0x2d ./Core/Src/stm32f1xx_it.o
 .ARM.attributes
                0x000000000000012b       0x2d ./Core/Src/system_stm32f1xx.o
 .ARM.attributes
                0x0000000000000158       0x21 ./Core/Startup/startup_stm32f103vetx.o
 .ARM.attributes
                0x0000000000000179       0x2d ./Drivers/STM32F1xx_HAL_Driver/Src/stm32f1xx_hal.o
 .ARM.attributes
                0x00000000000001a6       0x2d ./Drivers/STM32F1xx_HAL_Driver/Src/stm32f1xx_hal_cortex.o
 .ARM.attributes
                0x00000000000001d3       0x2d ./Drivers/STM32F1xx_HAL_Driver/Src/stm32f1xx_hal_gpio.o
 .ARM.attributes
                0x0000000000000200       0x2d ./Drivers/STM32F1xx_HAL_Driver/Src/stm32f1xx_hal_rcc.o
 .ARM.attributes
                0x000000000000022d       0x2d ./Drivers/STM32F1xx_HAL_Driver/Src/stm32f1xx_hal_spi.o
 .ARM.attributes
                0x000000000000025a       0x2d ./Drivers/STM32F1xx_HAL_Driver/Src/stm32f1xx_hal_sram.o
 .ARM.attributes
                0x0000000000000287       0x2d ./Drivers/STM32F1xx_HAL_Driver/Src/stm32f1xx_ll_fsmc.o
 .ARM.attributes
                0x00000000000002b4       0x2d /Applications/STM32CubeIDE.app/Contents/Eclipse/plugins/com.st.stm32cube.ide.mcu.externaltools.gnu-tools-for-stm32.10.3-2021.10.macos64_1.0.0.202111181127/tools/bin/../lib/gcc/arm-none-eabi/10.3.1/../../../../arm-none-eabi/lib/thumb/v7-m/nofp/libc_nano.a(lib_a-init.o)
 .ARM.attributes
                0x00000000000002e1       0x2d /Applications/STM32CubeIDE.app/Contents/Eclipse/plugins/com.st.stm32cube.ide.mcu.externaltools.gnu-tools-for-stm32.10.3-2021.10.macos64_1.0.0.202111181127/tools/bin/../lib/gcc/arm-none-eabi/10.3.1/../../../../arm-none-eabi/lib/thumb/v7-m/nofp/libc_nano.a(lib_a-memset.o)
 .ARM.attributes
                0x000000000000030e       0x1d /Applications/STM32CubeIDE.app/Contents/Eclipse/plugins/com.st.stm32cube.ide.mcu.externaltools.gnu-tools-for-stm32.10.3-2021.10.macos64_1.0.0.202111181127/tools/bin/../lib/gcc/arm-none-eabi/10.3.1/thumb/v7-m/nofp/crtn.o
OUTPUT(transiverTest.elf elf32-littlearm)
LOAD linker stubs
LOAD /Applications/STM32CubeIDE.app/Contents/Eclipse/plugins/com.st.stm32cube.ide.mcu.externaltools.gnu-tools-for-stm32.10.3-2021.10.macos64_1.0.0.202111181127/tools/bin/../lib/gcc/arm-none-eabi/10.3.1/../../../../arm-none-eabi/lib/thumb/v7-m/nofp/libc.a
LOAD /Applications/STM32CubeIDE.app/Contents/Eclipse/plugins/com.st.stm32cube.ide.mcu.externaltools.gnu-tools-for-stm32.10.3-2021.10.macos64_1.0.0.202111181127/tools/bin/../lib/gcc/arm-none-eabi/10.3.1/../../../../arm-none-eabi/lib/thumb/v7-m/nofp/libm.a
LOAD /Applications/STM32CubeIDE.app/Contents/Eclipse/plugins/com.st.stm32cube.ide.mcu.externaltools.gnu-tools-for-stm32.10.3-2021.10.macos64_1.0.0.202111181127/tools/bin/../lib/gcc/arm-none-eabi/10.3.1/thumb/v7-m/nofp/libgcc.a

.debug_info     0x0000000000000000     0x81da
 .debug_info    0x0000000000000000      0xaaf ./Core/Src/NRF24L01.o
 .debug_info    0x0000000000000aaf      0x803 ./Core/Src/lcd.o
 .debug_info    0x00000000000012b2     0x10c1 ./Core/Src/main.o
 .debug_info    0x0000000000002373      0xb4c ./Core/Src/stm32f1xx_hal_msp.o
 .debug_info    0x0000000000002ebf      0x15e ./Core/Src/stm32f1xx_it.o
 .debug_info    0x000000000000301d      0x23d ./Core/Src/system_stm32f1xx.o
 .debug_info    0x000000000000325a       0x22 ./Core/Startup/startup_stm32f103vetx.o
 .debug_info    0x000000000000327c      0x79a ./Drivers/STM32F1xx_HAL_Driver/Src/stm32f1xx_hal.o
 .debug_info    0x0000000000003a16      0xb86 ./Drivers/STM32F1xx_HAL_Driver/Src/stm32f1xx_hal_cortex.o
 .debug_info    0x000000000000459c      0x615 ./Drivers/STM32F1xx_HAL_Driver/Src/stm32f1xx_hal_gpio.o
 .debug_info    0x0000000000004bb1      0x860 ./Drivers/STM32F1xx_HAL_Driver/Src/stm32f1xx_hal_rcc.o
 .debug_info    0x0000000000005411     0x1666 ./Drivers/STM32F1xx_HAL_Driver/Src/stm32f1xx_hal_spi.o
 .debug_info    0x0000000000006a77      0xd5b ./Drivers/STM32F1xx_HAL_Driver/Src/stm32f1xx_hal_sram.o
 .debug_info    0x00000000000077d2      0xa08 ./Drivers/STM32F1xx_HAL_Driver/Src/stm32f1xx_ll_fsmc.o

.debug_abbrev   0x0000000000000000     0x1aa6
 .debug_abbrev  0x0000000000000000      0x280 ./Core/Src/NRF24L01.o
 .debug_abbrev  0x0000000000000280      0x250 ./Core/Src/lcd.o
 .debug_abbrev  0x00000000000004d0      0x2b0 ./Core/Src/main.o
 .debug_abbrev  0x0000000000000780      0x1f3 ./Core/Src/stm32f1xx_hal_msp.o
 .debug_abbrev  0x0000000000000973       0x9f ./Core/Src/stm32f1xx_it.o
 .debug_abbrev  0x0000000000000a12      0x13b ./Core/Src/system_stm32f1xx.o
 .debug_abbrev  0x0000000000000b4d       0x12 ./Core/Startup/startup_stm32f103vetx.o
 .debug_abbrev  0x0000000000000b5f      0x1fb ./Drivers/STM32F1xx_HAL_Driver/Src/stm32f1xx_hal.o
 .debug_abbrev  0x0000000000000d5a      0x2ed ./Drivers/STM32F1xx_HAL_Driver/Src/stm32f1xx_hal_cortex.o
 .debug_abbrev  0x0000000000001047      0x1bb ./Drivers/STM32F1xx_HAL_Driver/Src/stm32f1xx_hal_gpio.o
 .debug_abbrev  0x0000000000001202      0x2a8 ./Drivers/STM32F1xx_HAL_Driver/Src/stm32f1xx_hal_rcc.o
 .debug_abbrev  0x00000000000014aa      0x26e ./Drivers/STM32F1xx_HAL_Driver/Src/stm32f1xx_hal_spi.o
 .debug_abbrev  0x0000000000001718      0x1f8 ./Drivers/STM32F1xx_HAL_Driver/Src/stm32f1xx_hal_sram.o
 .debug_abbrev  0x0000000000001910      0x196 ./Drivers/STM32F1xx_HAL_Driver/Src/stm32f1xx_ll_fsmc.o

.debug_aranges  0x0000000000000000      0x8a0
 .debug_aranges
                0x0000000000000000       0xa0 ./Core/Src/NRF24L01.o
 .debug_aranges
                0x00000000000000a0       0xb0 ./Core/Src/lcd.o
 .debug_aranges
                0x0000000000000150       0x50 ./Core/Src/main.o
 .debug_aranges
                0x00000000000001a0       0x50 ./Core/Src/stm32f1xx_hal_msp.o
 .debug_aranges
                0x00000000000001f0       0x68 ./Core/Src/stm32f1xx_it.o
 .debug_aranges
                0x0000000000000258       0x28 ./Core/Src/system_stm32f1xx.o
 .debug_aranges
                0x0000000000000280       0x28 ./Core/Startup/startup_stm32f103vetx.o
 .debug_aranges
                0x00000000000002a8       0xe0 ./Drivers/STM32F1xx_HAL_Driver/Src/stm32f1xx_hal.o
 .debug_aranges
                0x0000000000000388      0x100 ./Drivers/STM32F1xx_HAL_Driver/Src/stm32f1xx_hal_cortex.o
 .debug_aranges
                0x0000000000000488       0x58 ./Drivers/STM32F1xx_HAL_Driver/Src/stm32f1xx_hal_gpio.o
 .debug_aranges
                0x00000000000004e0       0x90 ./Drivers/STM32F1xx_HAL_Driver/Src/stm32f1xx_hal_rcc.o
 .debug_aranges
                0x0000000000000570      0x1d0 ./Drivers/STM32F1xx_HAL_Driver/Src/stm32f1xx_hal_spi.o
 .debug_aranges
                0x0000000000000740       0xb8 ./Drivers/STM32F1xx_HAL_Driver/Src/stm32f1xx_hal_sram.o
 .debug_aranges
                0x00000000000007f8       0xa8 ./Drivers/STM32F1xx_HAL_Driver/Src/stm32f1xx_ll_fsmc.o

.debug_ranges   0x0000000000000000      0x7c8
 .debug_ranges  0x0000000000000000       0x90 ./Core/Src/NRF24L01.o
 .debug_ranges  0x0000000000000090       0xa0 ./Core/Src/lcd.o
 .debug_ranges  0x0000000000000130       0x40 ./Core/Src/main.o
 .debug_ranges  0x0000000000000170       0x40 ./Core/Src/stm32f1xx_hal_msp.o
 .debug_ranges  0x00000000000001b0       0x58 ./Core/Src/stm32f1xx_it.o
 .debug_ranges  0x0000000000000208       0x18 ./Core/Src/system_stm32f1xx.o
 .debug_ranges  0x0000000000000220       0x20 ./Core/Startup/startup_stm32f103vetx.o
 .debug_ranges  0x0000000000000240       0xd0 ./Drivers/STM32F1xx_HAL_Driver/Src/stm32f1xx_hal.o
 .debug_ranges  0x0000000000000310       0xf0 ./Drivers/STM32F1xx_HAL_Driver/Src/stm32f1xx_hal_cortex.o
 .debug_ranges  0x0000000000000400       0x48 ./Drivers/STM32F1xx_HAL_Driver/Src/stm32f1xx_hal_gpio.o
 .debug_ranges  0x0000000000000448       0x80 ./Drivers/STM32F1xx_HAL_Driver/Src/stm32f1xx_hal_rcc.o
 .debug_ranges  0x00000000000004c8      0x1c0 ./Drivers/STM32F1xx_HAL_Driver/Src/stm32f1xx_hal_spi.o
 .debug_ranges  0x0000000000000688       0xa8 ./Drivers/STM32F1xx_HAL_Driver/Src/stm32f1xx_hal_sram.o
 .debug_ranges  0x0000000000000730       0x98 ./Drivers/STM32F1xx_HAL_Driver/Src/stm32f1xx_ll_fsmc.o

.debug_macro    0x0000000000000000    0x19378
 .debug_macro   0x0000000000000000      0x1cf ./Core/Src/NRF24L01.o
 .debug_macro   0x00000000000001cf      0xa6c ./Core/Src/NRF24L01.o
 .debug_macro   0x0000000000000c3b      0x21b ./Core/Src/NRF24L01.o
 .debug_macro   0x0000000000000e56       0x2e ./Core/Src/NRF24L01.o
 .debug_macro   0x0000000000000e84       0x22 ./Core/Src/NRF24L01.o
 .debug_macro   0x0000000000000ea6       0x22 ./Core/Src/NRF24L01.o
 .debug_macro   0x0000000000000ec8       0x8e ./Core/Src/NRF24L01.o
 .debug_macro   0x0000000000000f56       0x51 ./Core/Src/NRF24L01.o
 .debug_macro   0x0000000000000fa7      0x103 ./Core/Src/NRF24L01.o
 .debug_macro   0x00000000000010aa       0x6a ./Core/Src/NRF24L01.o
 .debug_macro   0x0000000000001114      0x1df ./Core/Src/NRF24L01.o
 .debug_macro   0x00000000000012f3       0x1c ./Core/Src/NRF24L01.o
 .debug_macro   0x000000000000130f       0x22 ./Core/Src/NRF24L01.o
 .debug_macro   0x0000000000001331       0xbd ./Core/Src/NRF24L01.o
 .debug_macro   0x00000000000013ee      0xd23 ./Core/Src/NRF24L01.o
 .debug_macro   0x0000000000002111     0xfd8c ./Core/Src/NRF24L01.o
 .debug_macro   0x0000000000011e9d       0x6d ./Core/Src/NRF24L01.o
 .debug_macro   0x0000000000011f0a     0x3468 ./Core/Src/NRF24L01.o
 .debug_macro   0x0000000000015372      0x174 ./Core/Src/NRF24L01.o
 .debug_macro   0x00000000000154e6       0x5c ./Core/Src/NRF24L01.o
 .debug_macro   0x0000000000015542      0x5be ./Core/Src/NRF24L01.o
 .debug_macro   0x0000000000015b00      0x4d5 ./Core/Src/NRF24L01.o
 .debug_macro   0x0000000000015fd5      0x1cb ./Core/Src/NRF24L01.o
 .debug_macro   0x00000000000161a0      0x114 ./Core/Src/NRF24L01.o
 .debug_macro   0x00000000000162b4      0x1ea ./Core/Src/NRF24L01.o
 .debug_macro   0x000000000001649e       0x27 ./Core/Src/NRF24L01.o
 .debug_macro   0x00000000000164c5      0x144 ./Core/Src/NRF24L01.o
 .debug_macro   0x0000000000016609      0x1bc ./Core/Src/NRF24L01.o
 .debug_macro   0x00000000000167c5       0x30 ./Core/Src/NRF24L01.o
 .debug_macro   0x00000000000167f5       0x3c ./Core/Src/NRF24L01.o
 .debug_macro   0x0000000000016831       0x57 ./Core/Src/NRF24L01.o
 .debug_macro   0x0000000000016888       0x88 ./Core/Src/NRF24L01.o
 .debug_macro   0x0000000000016910      0x24f ./Core/Src/NRF24L01.o
 .debug_macro   0x0000000000016b5f      0x356 ./Core/Src/NRF24L01.o
 .debug_macro   0x0000000000016eb5      0x141 ./Core/Src/NRF24L01.o
 .debug_macro   0x0000000000016ff6      0x217 ./Core/Src/NRF24L01.o
 .debug_macro   0x000000000001720d       0xb5 ./Core/Src/NRF24L01.o
 .debug_macro   0x00000000000172c2       0xee ./Core/Src/NRF24L01.o
 .debug_macro   0x00000000000173b0      0x26c ./Core/Src/lcd.o
 .debug_macro   0x000000000001761c       0xd0 ./Core/Src/lcd.o
 .debug_macro   0x00000000000176ec       0x52 ./Core/Src/lcd.o
 .debug_macro   0x000000000001773e       0x18 ./Core/Src/lcd.o
 .debug_macro   0x0000000000017756       0x3c ./Core/Src/lcd.o
 .debug_macro   0x0000000000017792       0x34 ./Core/Src/lcd.o
 .debug_macro   0x00000000000177c6       0x16 ./Core/Src/lcd.o
 .debug_macro   0x00000000000177dc       0x43 ./Core/Src/lcd.o
 .debug_macro   0x000000000001781f       0x34 ./Core/Src/lcd.o
 .debug_macro   0x0000000000017853       0x10 ./Core/Src/lcd.o
 .debug_macro   0x0000000000017863       0x58 ./Core/Src/lcd.o
 .debug_macro   0x00000000000178bb       0x71 ./Core/Src/lcd.o
 .debug_macro   0x000000000001792c       0x1c ./Core/Src/lcd.o
 .debug_macro   0x0000000000017948      0x12a ./Core/Src/lcd.o
 .debug_macro   0x0000000000017a72      0x341 ./Core/Src/lcd.o
 .debug_macro   0x0000000000017db3      0x19b ./Core/Src/lcd.o
 .debug_macro   0x0000000000017f4e      0x1c4 ./Core/Src/main.o
 .debug_macro   0x0000000000018112       0xd6 ./Core/Src/main.o
 .debug_macro   0x00000000000181e8      0x1b2 ./Core/Src/stm32f1xx_hal_msp.o
 .debug_macro   0x000000000001839a      0x1bc ./Core/Src/stm32f1xx_it.o
 .debug_macro   0x0000000000018556      0x1a8 ./Core/Src/system_stm32f1xx.o
 .debug_macro   0x00000000000186fe      0x1cc ./Drivers/STM32F1xx_HAL_Driver/Src/stm32f1xx_hal.o
 .debug_macro   0x00000000000188ca      0x1a8 ./Drivers/STM32F1xx_HAL_Driver/Src/stm32f1xx_hal_cortex.o
 .debug_macro   0x0000000000018a72      0x213 ./Drivers/STM32F1xx_HAL_Driver/Src/stm32f1xx_hal_gpio.o
 .debug_macro   0x0000000000018c85      0x1ba ./Drivers/STM32F1xx_HAL_Driver/Src/stm32f1xx_hal_rcc.o
 .debug_macro   0x0000000000018e3f      0x1b0 ./Drivers/STM32F1xx_HAL_Driver/Src/stm32f1xx_hal_spi.o
 .debug_macro   0x0000000000018fef      0x1a8 ./Drivers/STM32F1xx_HAL_Driver/Src/stm32f1xx_hal_sram.o
 .debug_macro   0x0000000000019197      0x1e1 ./Drivers/STM32F1xx_HAL_Driver/Src/stm32f1xx_ll_fsmc.o

.debug_line     0x0000000000000000     0x9343
 .debug_line    0x0000000000000000      0x992 ./Core/Src/NRF24L01.o
 .debug_line    0x0000000000000992      0xcab ./Core/Src/lcd.o
 .debug_line    0x000000000000163d      0x86d ./Core/Src/main.o
 .debug_line    0x0000000000001eaa      0x78f ./Core/Src/stm32f1xx_hal_msp.o
 .debug_line    0x0000000000002639      0x775 ./Core/Src/stm32f1xx_it.o
 .debug_line    0x0000000000002dae      0x719 ./Core/Src/system_stm32f1xx.o
 .debug_line    0x00000000000034c7       0x87 ./Core/Startup/startup_stm32f103vetx.o
 .debug_line    0x000000000000354e      0x946 ./Drivers/STM32F1xx_HAL_Driver/Src/stm32f1xx_hal.o
 .debug_line    0x0000000000003e94      0xb2e ./Drivers/STM32F1xx_HAL_Driver/Src/stm32f1xx_hal_cortex.o
 .debug_line    0x00000000000049c2      0xa05 ./Drivers/STM32F1xx_HAL_Driver/Src/stm32f1xx_hal_gpio.o
 .debug_line    0x00000000000053c7      0xd54 ./Drivers/STM32F1xx_HAL_Driver/Src/stm32f1xx_hal_rcc.o
 .debug_line    0x000000000000611b     0x1bcb ./Drivers/STM32F1xx_HAL_Driver/Src/stm32f1xx_hal_spi.o
 .debug_line    0x0000000000007ce6      0xcb9 ./Drivers/STM32F1xx_HAL_Driver/Src/stm32f1xx_hal_sram.o
 .debug_line    0x000000000000899f      0x9a4 ./Drivers/STM32F1xx_HAL_Driver/Src/stm32f1xx_ll_fsmc.o

.debug_str      0x0000000000000000    0x9286a
 .debug_str     0x0000000000000000    0x8c8d9 ./Core/Src/NRF24L01.o
                                      0x8cd70 (size before relaxing)
 .debug_str     0x000000000008c8d9     0x3b16 ./Core/Src/lcd.o
                                      0x90073 (size before relaxing)
 .debug_str     0x00000000000903ef      0x7d5 ./Core/Src/main.o
                                      0x8d7b6 (size before relaxing)
 .debug_str     0x0000000000090bc4       0xd5 ./Core/Src/stm32f1xx_hal_msp.o
                                      0x8cbdd (size before relaxing)
 .debug_str     0x0000000000090c99       0xf7 ./Core/Src/stm32f1xx_it.o
                                      0x8c5ba (size before relaxing)
 .debug_str     0x0000000000090d90       0x7e ./Core/Src/system_stm32f1xx.o
                                      0x8c58e (size before relaxing)
 .debug_str     0x0000000000090e0e       0x36 ./Core/Startup/startup_stm32f103vetx.o
                                         0x75 (size before relaxing)
 .debug_str     0x0000000000090e44      0x37a ./Drivers/STM32F1xx_HAL_Driver/Src/stm32f1xx_hal.o
                                      0x8cda5 (size before relaxing)
 .debug_str     0x00000000000911be      0x29e ./Drivers/STM32F1xx_HAL_Driver/Src/stm32f1xx_hal_cortex.o
                                      0x8ccf1 (size before relaxing)
 .debug_str     0x000000000009145c      0x2bc ./Drivers/STM32F1xx_HAL_Driver/Src/stm32f1xx_hal_gpio.o
                                      0x8c914 (size before relaxing)
 .debug_str     0x0000000000091718      0x229 ./Drivers/STM32F1xx_HAL_Driver/Src/stm32f1xx_hal_rcc.o
                                      0x8c9bd (size before relaxing)
 .debug_str     0x0000000000091941      0x54b ./Drivers/STM32F1xx_HAL_Driver/Src/stm32f1xx_hal_spi.o
                                      0x8cec0 (size before relaxing)
 .debug_str     0x0000000000091e8c      0x297 ./Drivers/STM32F1xx_HAL_Driver/Src/stm32f1xx_hal_sram.o
                                      0x8cc11 (size before relaxing)
 .debug_str     0x0000000000092123      0x747 ./Drivers/STM32F1xx_HAL_Driver/Src/stm32f1xx_ll_fsmc.o
                                      0x8cef3 (size before relaxing)

.comment        0x0000000000000000       0x50
 .comment       0x0000000000000000       0x50 ./Core/Src/NRF24L01.o
                                         0x51 (size before relaxing)
 .comment       0x0000000000000050       0x51 ./Core/Src/lcd.o
 .comment       0x0000000000000050       0x51 ./Core/Src/main.o
 .comment       0x0000000000000050       0x51 ./Core/Src/stm32f1xx_hal_msp.o
 .comment       0x0000000000000050       0x51 ./Core/Src/stm32f1xx_it.o
 .comment       0x0000000000000050       0x51 ./Core/Src/system_stm32f1xx.o
 .comment       0x0000000000000050       0x51 ./Drivers/STM32F1xx_HAL_Driver/Src/stm32f1xx_hal.o
 .comment       0x0000000000000050       0x51 ./Drivers/STM32F1xx_HAL_Driver/Src/stm32f1xx_hal_cortex.o
 .comment       0x0000000000000050       0x51 ./Drivers/STM32F1xx_HAL_Driver/Src/stm32f1xx_hal_gpio.o
 .comment       0x0000000000000050       0x51 ./Drivers/STM32F1xx_HAL_Driver/Src/stm32f1xx_hal_rcc.o
 .comment       0x0000000000000050       0x51 ./Drivers/STM32F1xx_HAL_Driver/Src/stm32f1xx_hal_spi.o
 .comment       0x0000000000000050       0x51 ./Drivers/STM32F1xx_HAL_Driver/Src/stm32f1xx_hal_sram.o
 .comment       0x0000000000000050       0x51 ./Drivers/STM32F1xx_HAL_Driver/Src/stm32f1xx_ll_fsmc.o

.debug_frame    0x0000000000000000     0x21a4
 .debug_frame   0x0000000000000000      0x250 ./Core/Src/NRF24L01.o
 .debug_frame   0x0000000000000250      0x2cc ./Core/Src/lcd.o
 .debug_frame   0x000000000000051c       0xec ./Core/Src/main.o
 .debug_frame   0x0000000000000608      0x108 ./Core/Src/stm32f1xx_hal_msp.o
 .debug_frame   0x0000000000000710      0x120 ./Core/Src/stm32f1xx_it.o
 .debug_frame   0x0000000000000830       0x58 ./Core/Src/system_stm32f1xx.o
 .debug_frame   0x0000000000000888      0x334 ./Drivers/STM32F1xx_HAL_Driver/Src/stm32f1xx_hal.o
 .debug_frame   0x0000000000000bbc      0x428 ./Drivers/STM32F1xx_HAL_Driver/Src/stm32f1xx_hal_cortex.o
 .debug_frame   0x0000000000000fe4      0x14c ./Drivers/STM32F1xx_HAL_Driver/Src/stm32f1xx_hal_gpio.o
 .debug_frame   0x0000000000001130      0x21c ./Drivers/STM32F1xx_HAL_Driver/Src/stm32f1xx_hal_rcc.o
 .debug_frame   0x000000000000134c      0x824 ./Drivers/STM32F1xx_HAL_Driver/Src/stm32f1xx_hal_spi.o
 .debug_frame   0x0000000000001b70      0x30c ./Drivers/STM32F1xx_HAL_Driver/Src/stm32f1xx_hal_sram.o
 .debug_frame   0x0000000000001e7c      0x2dc ./Drivers/STM32F1xx_HAL_Driver/Src/stm32f1xx_ll_fsmc.o
 .debug_frame   0x0000000000002158       0x2c /Applications/STM32CubeIDE.app/Contents/Eclipse/plugins/com.st.stm32cube.ide.mcu.externaltools.gnu-tools-for-stm32.10.3-2021.10.macos64_1.0.0.202111181127/tools/bin/../lib/gcc/arm-none-eabi/10.3.1/../../../../arm-none-eabi/lib/thumb/v7-m/nofp/libc_nano.a(lib_a-init.o)
 .debug_frame   0x0000000000002184       0x20 /Applications/STM32CubeIDE.app/Contents/Eclipse/plugins/com.st.stm32cube.ide.mcu.externaltools.gnu-tools-for-stm32.10.3-2021.10.macos64_1.0.0.202111181127/tools/bin/../lib/gcc/arm-none-eabi/10.3.1/../../../../arm-none-eabi/lib/thumb/v7-m/nofp/libc_nano.a(lib_a-memset.o)
