../Core/Src/main.c:85:5:main	48	static
../Core/Src/main.c:178:6:SystemClock_Config	96	static
../Core/Src/main.c:224:13:MX_NVIC_Init	8	static
../Core/Src/main.c:236:13:MX_ADC1_Init	24	static
../Core/Src/main.c:293:13:MX_ADC2_Init	24	static
../Core/Src/main.c:340:13:MX_SPI1_Init	8	static
../Core/Src/main.c:378:13:MX_USART2_UART_Init	8	static
../Core/Src/main.c:409:13:MX_DMA_Init	16	static
../Core/Src/main.c:427:13:MX_GPIO_Init	48	static
../Core/Src/main.c:487:13:MX_FSMC_Init	40	static
../Core/Src/main.c:551:6:Error_Handler	4	static,ignoring_inline_asm
