../Core/Src/stm32f1xx_hal_msp.c:64:6:HAL_MspInit	24	static
../Core/Src/stm32f1xx_hal_msp.c:90:6:HAL_ADC_MspInit	56	static
../Core/Src/stm32f1xx_hal_msp.c:165:6:HAL_ADC_MspDeInit	16	static
../Core/Src/stm32f1xx_hal_msp.c:215:6:HAL_SPI_MspInit	40	static
../Core/Src/stm32f1xx_hal_msp.c:255:6:HAL_SPI_MspDeInit	16	static
../Core/Src/stm32f1xx_hal_msp.c:285:6:HAL_UART_MspInit	40	static
../Core/Src/stm32f1xx_hal_msp.c:324:6:HAL_UART_MspDeInit	16	static
../Core/Src/stm32f1xx_hal_msp.c:349:13:HAL_FSMC_MspInit	32	static
../Core/Src/stm32f1xx_hal_msp.c:403:6:HAL_SRAM_MspInit	16	static
../Core/Src/stm32f1xx_hal_msp.c:415:13:HAL_FSMC_MspDeInit	8	static
../Core/Src/stm32f1xx_hal_msp.c:461:6:HAL_SRAM_MspDeInit	16	static
